// Jest Snapshot v1, https://goo.gl/fbAQLP

exports[`renders navbar component snapshot 1`] = `
<DocumentFragment>
  <nav
    class="navbar-container"
  >
    <h1
      class="main-heading"
    >
      Math Magicians
    </h1>
    <ul
      class="nav-links"
    >
      <li
        data-testid="Home"
      >
        <a
          aria-current="page"
          class="active"
          href="/"
        >
          Home
        </a>
      </li>
      <li
        data-testid="Calculator"
      >
        <a
          class=""
          href="/calculator"
        >
          Calculator
        </a>
      </li>
      <li
        data-testid="Quote"
      >
        <a
          class=""
          href="/quote"
        >
          Quote
        </a>
      </li>
    </ul>
  </nav>
</DocumentFragment>
`;
